Restore Archived Project report for Mips
Thu Sep 11 19:22:49 2014
Quartus II 64-Bit Version 12.0 Build 178 05/31/2012 SJ Full Version


---------------------
; Table of Contents ;
---------------------
  1. Legal Notice
  2. Restore Archived Project Summary
  3. Restore Archived Project Messages
  4. Files Restored
  5. Files Not Restored



----------------
; Legal Notice ;
----------------
Copyright (C) 1991-2012 Altera Corporation
Your use of Altera Corporation's design tools, logic functions 
and other software and tools, and its AMPP partner logic 
functions, and any output files from any of the foregoing 
(including device programming or simulation files), and any 
associated documentation or information are expressly subject 
to the terms and conditions of the Altera Program License 
Subscription Agreement, Altera MegaCore Function License 
Agreement, or other applicable license agreement, including, 
without limitation, that your use is for the sole purpose of 
programming logic devices manufactured by Altera and sold by 
Altera or its authorized distributors.  Please refer to the 
applicable agreement for further details.



+-------------------------------------------------------------------------+
; Restore Archived Project Summary                                        ;
+---------------------------------+---------------------------------------+
; Restore Archived Project Status ; Successful - Thu Sep 11 19:22:49 2014 ;
; Revision Name                   ; Mips                                  ;
; Top-level Entity Name           ; Mips                                  ;
; Family                          ; Cyclone IV E                          ;
+---------------------------------+---------------------------------------+


+-----------------------------------+
; Restore Archived Project Messages ;
+-----------------------------------+
Info: Successfully restored 'E:/Manchun_final05.qar' into the 'C:\\Users\\Frank-Laptop\\Documents\\MIPS32_verilog\\Manchun/' directory
Info: Generated report 'Mips.restore.rpt'
Info (23030): Evaluation of Tcl script c:/altera/12.0/quartus/common/tcl/apps/qpm/qar.tcl was successful
Info: Quartus II 64-Bit Shell was successful. 0 errors, 0 warnings
    Info: Peak virtual memory: 268 megabytes
    Info: Processing ended: Thu Sep 11 19:22:49 2014
    Info: Elapsed time: 00:00:01
    Info: Total CPU time (on all processors): 00:00:01


+-------------------------------------------------------------------------+
; Files Restored                                                          ;
+-------------------------------------------------------------------------+
; File Name                                                               ;
+-------------------------------------------------------------------------+
; Data_Forwarding_unit.v                                                  ;
; Data_forwarding_mux_A.v                                                 ;
; Data_forwarding_mux_B.v                                                 ;
; Data_forwarding_mux_MEM.v                                               ;
; EX_ALU.v                                                                ;
; EX_ALU_Control.v                                                        ;
; EX_ALU_Mux.v                                                            ;
; EX_Dest_Mux.v                                                           ;
; EX_MEM_Pipeline_Stage.v                                                 ;
; EX_PC_Add.v                                                             ;
; EX_Shift_Left_2.v                                                       ;
; Forward_C_mux.v                                                         ;
; Forward_D_mux.v                                                         ;
; ID_Branch_AND.v                                                         ;
; ID_Comparator.v                                                         ;
; ID_Control.v                                                            ;
; ID_EX_Pipeline_Stage.v                                                  ;
; ID_PC_Add.v                                                             ;
; ID_Registers.v                                                          ;
; ID_Shift_Left_2.v                                                       ;
; ID_Sign_Extension.v                                                     ;
; IF_Flush_mux.v                                                          ;
; IF_ID_EX_MEM_WB_testing.vwf                                             ;
; IF_ID_EX_MEM_testing.vwf                                                ;
; IF_ID_Pipeline_Stage.v                                                  ;
; IF_Instruction_Memory.v                                                 ;
; IF_PC_Add.v                                                             ;
; IF_PC_Mux.v                                                             ;
; IF_PC_Reg.v                                                             ;
; Jump_address_unit.v                                                     ;
; MEM_Branch_AND.v                                                        ;
; MEM_Data_Memory.v                                                       ;
; MEM_WB_Pipeline_Stage.v                                                 ;
; Mips.archive.rpt                                                        ;
; Mips.asm.rpt                                                            ;
; Mips.db_export.rpt                                                      ;
; Mips.eda.rpt                                                            ;
; Mips.fit.rpt                                                            ;
; Mips.fit.smsg                                                           ;
; Mips.fit.summary                                                        ;
; Mips.flow.rpt                                                           ;
; Mips.jdi                                                                ;
; Mips.map.rpt                                                            ;
; Mips.map.smsg                                                           ;
; Mips.map.summary                                                        ;
; Mips.pin                                                                ;
; Mips.pof                                                                ;
; Mips.qpf                                                                ;
; Mips.qsf                                                                ;
; Mips.restore.rpt                                                        ;
; Mips.sdc                                                                ;
; Mips.sim.rpt                                                            ;
; Mips.sof                                                                ;
; Mips.sta.rpt                                                            ;
; Mips.sta.summary                                                        ;
; Mips.v                                                                  ;
; WB_MemtoReg_Mux.v                                                       ;
; assignment_defaults.qdf                                                 ;
; data_memory.list                                                        ;
; Mips.cbx.xml                                                            ;
; db/Mips.ram0_ID_Registers_ada8f4a0.hdl.mif                              ;
; db/Mips.ram0_MEM_Data_Memory_3250c012.hdl.mif                           ;
; db/altsyncram_fpi1.tdf                                                  ;
; db/altsyncram_pgh1.tdf                                                  ;
; db/mult_7dt.tdf                                                         ;
; incremental_db/compiled_partitions/Mips.db_info                         ;
; incremental_db/compiled_partitions/Mips.root_partition.cmp.cdb          ;
; incremental_db/compiled_partitions/Mips.root_partition.cmp.dfp          ;
; incremental_db/compiled_partitions/Mips.root_partition.cmp.hdb          ;
; incremental_db/compiled_partitions/Mips.root_partition.cmp.kpt          ;
; incremental_db/compiled_partitions/Mips.root_partition.cmp.logdb        ;
; incremental_db/compiled_partitions/Mips.root_partition.cmp.rcfdb        ;
; incremental_db/compiled_partitions/Mips.root_partition.map.cdb          ;
; incremental_db/compiled_partitions/Mips.root_partition.map.dpi          ;
; incremental_db/compiled_partitions/Mips.root_partition.map.hbdb.cdb     ;
; incremental_db/compiled_partitions/Mips.root_partition.map.hbdb.hb_info ;
; incremental_db/compiled_partitions/Mips.root_partition.map.hbdb.hdb     ;
; incremental_db/compiled_partitions/Mips.root_partition.map.hbdb.sig     ;
; incremental_db/compiled_partitions/Mips.root_partition.map.hdb          ;
; incremental_db/compiled_partitions/Mips.root_partition.map.kpt          ;
; instruction_memory.list                                                 ;
; register_file.list                                                      ;
; megafunctions/a_rdenreg.inc                                             ;
; megafunctions/aglobal120.inc                                            ;
; megafunctions/altdpram.inc                                              ;
; megafunctions/altram.inc                                                ;
; megafunctions/altrom.inc                                                ;
; megafunctions/altshift.inc                                              ;
; megafunctions/altsyncram.tdf                                            ;
; megafunctions/bypassff.inc                                              ;
; megafunctions/cbx.lst                                                   ;
; megafunctions/lpm_add_sub.inc                                           ;
; megafunctions/lpm_decode.inc                                            ;
; megafunctions/lpm_mult.tdf                                              ;
; megafunctions/lpm_mux.inc                                               ;
; megafunctions/multcore.inc                                              ;
; megafunctions/stratix_ram_block.inc                                     ;
+-------------------------------------------------------------------------+


+--------------------+
; Files Not Restored ;
+--------------------+
; File Name          ;
+--------------------+


