Partition Merge report for MIPS32
Tue Sep 09 14:50:39 2014
Quartus II 64-Bit Version 12.0 Build 178 05/31/2012 SJ Full Version


---------------------
; Table of Contents ;
---------------------
  1. Legal Notice
  2. Partition Merge Summary
  3. Partition Merge Netlist Types Used
  4. Connections to In-System Debugging Instance "auto_signaltap_0"
  5. Partition Merge Partition Statistics
  6. Partition Merge Partition Pin Processing
  7. Partition Merge Resource Usage Summary
  8. Partition Merge RAM Summary
  9. Partition Merge Messages



----------------
; Legal Notice ;
----------------
Copyright (C) 1991-2012 Altera Corporation
Your use of Altera Corporation's design tools, logic functions 
and other software and tools, and its AMPP partner logic 
functions, and any output files from any of the foregoing 
(including device programming or simulation files), and any 
associated documentation or information are expressly subject 
to the terms and conditions of the Altera Program License 
Subscription Agreement, Altera MegaCore Function License 
Agreement, or other applicable license agreement, including, 
without limitation, that your use is for the sole purpose of 
programming logic devices manufactured by Altera and sold by 
Altera or its authorized distributors.  Please refer to the 
applicable agreement for further details.



+--------------------------------------------------------------------------------+
; Partition Merge Summary                                                        ;
+------------------------------------+-------------------------------------------+
; Partition Merge Status             ; Successful - Tue Sep 09 14:50:39 2014     ;
; Quartus II 64-Bit Version          ; 12.0 Build 178 05/31/2012 SJ Full Version ;
; Revision Name                      ; MIPS32                                    ;
; Top-level Entity Name              ; MIPS32                                    ;
; Family                             ; Cyclone IV E                              ;
; Total logic elements               ; 3,184 / 114,480 ( 3 % )                   ;
;     Total combinational functions  ; 2,095 / 114,480 ( 2 % )                   ;
;     Dedicated logic registers      ; 1,553 / 114,480 ( 1 % )                   ;
; Total registers                    ; 1553                                      ;
; Total pins                         ; 36 / 529 ( 7 % )                          ;
; Total virtual pins                 ; 0                                         ;
; Total memory bits                  ; 20,608 / 3,981,312 ( < 1 % )              ;
; Embedded Multiplier 9-bit elements ; 0 / 532 ( 0 % )                           ;
; Total PLLs                         ; 0 / 4 ( 0 % )                             ;
+------------------------------------+-------------------------------------------+


+-------------------------------------------------------------------------------------------------------------------------------+
; Partition Merge Netlist Types Used                                                                                            ;
+--------------------------------+----------------+-------------------+------------------------+--------------------------------+
; Partition Name                 ; Partition Type ; Netlist Type Used ; Netlist Type Requested ; Partition Contents             ;
+--------------------------------+----------------+-------------------+------------------------+--------------------------------+
; Top                            ; User-created   ; Post-Fit          ; Post-Fit               ;                                ;
; sld_hub:auto_hub               ; Auto-generated ; Post-Synthesis    ; Post-Synthesis         ; sld_hub:auto_hub               ;
; sld_signaltap:auto_signaltap_0 ; Auto-generated ; Post-Synthesis    ; Post-Synthesis         ; sld_signaltap:auto_signaltap_0 ;
; hard_block:auto_generated_inst ; Auto-generated ; Source File       ; Source File            ; hard_block:auto_generated_inst ;
+--------------------------------+----------------+-------------------+------------------------+--------------------------------+


+--------------------------------------------------------------------------------------------------------------------------------------------------------------------------------------------------------------------------------------------------------------+
; Connections to In-System Debugging Instance "auto_signaltap_0"                                                                                                                                                                                               ;
+-------------------+---------------+-----------+----------------+-------------------+-------------------+-----------------------------------------------------------------------------------------------------------------------------------------------------+
; Name              ; Type          ; Status    ; Partition Name ; Netlist Type Used ; Actual Connection ; Details                                                                                                                                             ;
+-------------------+---------------+-----------+----------------+-------------------+-------------------+-----------------------------------------------------------------------------------------------------------------------------------------------------+
; ALU_Result_EX[0]  ; pre-synthesis ; missing   ; Top            ; post-fit          ; GND               ; The pre-synthesis tap must be preserved by Analysis & Synthesis before it can be tapped.  Set the partition's netlist type to Source and recompile. ;
; ALU_Result_EX[0]  ; pre-synthesis ; missing   ; Top            ; post-fit          ; GND               ; The pre-synthesis tap must be preserved by Analysis & Synthesis before it can be tapped.  Set the partition's netlist type to Source and recompile. ;
; ALU_Result_EX[10] ; pre-synthesis ; missing   ; Top            ; post-fit          ; GND               ; The pre-synthesis tap must be preserved by Analysis & Synthesis before it can be tapped.  Set the partition's netlist type to Source and recompile. ;
; ALU_Result_EX[10] ; pre-synthesis ; missing   ; Top            ; post-fit          ; GND               ; The pre-synthesis tap must be preserved by Analysis & Synthesis before it can be tapped.  Set the partition's netlist type to Source and recompile. ;
; ALU_Result_EX[11] ; pre-synthesis ; missing   ; Top            ; post-fit          ; GND               ; The pre-synthesis tap must be preserved by Analysis & Synthesis before it can be tapped.  Set the partition's netlist type to Source and recompile. ;
; ALU_Result_EX[11] ; pre-synthesis ; missing   ; Top            ; post-fit          ; GND               ; The pre-synthesis tap must be preserved by Analysis & Synthesis before it can be tapped.  Set the partition's netlist type to Source and recompile. ;
; ALU_Result_EX[12] ; pre-synthesis ; missing   ; Top            ; post-fit          ; GND               ; The pre-synthesis tap must be preserved by Analysis & Synthesis before it can be tapped.  Set the partition's netlist type to Source and recompile. ;
; ALU_Result_EX[12] ; pre-synthesis ; missing   ; Top            ; post-fit          ; GND               ; The pre-synthesis tap must be preserved by Analysis & Synthesis before it can be tapped.  Set the partition's netlist type to Source and recompile. ;
; ALU_Result_EX[13] ; pre-synthesis ; missing   ; Top            ; post-fit          ; GND               ; The pre-synthesis tap must be preserved by Analysis & Synthesis before it can be tapped.  Set the partition's netlist type to Source and recompile. ;
; ALU_Result_EX[13] ; pre-synthesis ; missing   ; Top            ; post-fit          ; GND               ; The pre-synthesis tap must be preserved by Analysis & Synthesis before it can be tapped.  Set the partition's netlist type to Source and recompile. ;
; ALU_Result_EX[14] ; pre-synthesis ; missing   ; Top            ; post-fit          ; GND               ; The pre-synthesis tap must be preserved by Analysis & Synthesis before it can be tapped.  Set the partition's netlist type to Source and recompile. ;
; ALU_Result_EX[14] ; pre-synthesis ; missing   ; Top            ; post-fit          ; GND               ; The pre-synthesis tap must be preserved by Analysis & Synthesis before it can be tapped.  Set the partition's netlist type to Source and recompile. ;
; ALU_Result_EX[15] ; pre-synthesis ; missing   ; Top            ; post-fit          ; GND               ; The pre-synthesis tap must be preserved by Analysis & Synthesis before it can be tapped.  Set the partition's netlist type to Source and recompile. ;
; ALU_Result_EX[15] ; pre-synthesis ; missing   ; Top            ; post-fit          ; GND               ; The pre-synthesis tap must be preserved by Analysis & Synthesis before it can be tapped.  Set the partition's netlist type to Source and recompile. ;
; ALU_Result_EX[16] ; pre-synthesis ; missing   ; Top            ; post-fit          ; GND               ; The pre-synthesis tap must be preserved by Analysis & Synthesis before it can be tapped.  Set the partition's netlist type to Source and recompile. ;
; ALU_Result_EX[16] ; pre-synthesis ; missing   ; Top            ; post-fit          ; GND               ; The pre-synthesis tap must be preserved by Analysis & Synthesis before it can be tapped.  Set the partition's netlist type to Source and recompile. ;
; ALU_Result_EX[17] ; pre-synthesis ; missing   ; Top            ; post-fit          ; GND               ; The pre-synthesis tap must be preserved by Analysis & Synthesis before it can be tapped.  Set the partition's netlist type to Source and recompile. ;
; ALU_Result_EX[17] ; pre-synthesis ; missing   ; Top            ; post-fit          ; GND               ; The pre-synthesis tap must be preserved by Analysis & Synthesis before it can be tapped.  Set the partition's netlist type to Source and recompile. ;
; ALU_Result_EX[18] ; pre-synthesis ; missing   ; Top            ; post-fit          ; GND               ; The pre-synthesis tap must be preserved by Analysis & Synthesis before it can be tapped.  Set the partition's netlist type to Source and recompile. ;
; ALU_Result_EX[18] ; pre-synthesis ; missing   ; Top            ; post-fit          ; GND               ; The pre-synthesis tap must be preserved by Analysis & Synthesis before it can be tapped.  Set the partition's netlist type to Source and recompile. ;
; ALU_Result_EX[19] ; pre-synthesis ; missing   ; Top            ; post-fit          ; GND               ; The pre-synthesis tap must be preserved by Analysis & Synthesis before it can be tapped.  Set the partition's netlist type to Source and recompile. ;
; ALU_Result_EX[19] ; pre-synthesis ; missing   ; Top            ; post-fit          ; GND               ; The pre-synthesis tap must be preserved by Analysis & Synthesis before it can be tapped.  Set the partition's netlist type to Source and recompile. ;
; ALU_Result_EX[1]  ; pre-synthesis ; missing   ; Top            ; post-fit          ; GND               ; The pre-synthesis tap must be preserved by Analysis & Synthesis before it can be tapped.  Set the partition's netlist type to Source and recompile. ;
; ALU_Result_EX[1]  ; pre-synthesis ; missing   ; Top            ; post-fit          ; GND               ; The pre-synthesis tap must be preserved by Analysis & Synthesis before it can be tapped.  Set the partition's netlist type to Source and recompile. ;
; ALU_Result_EX[20] ; pre-synthesis ; missing   ; Top            ; post-fit          ; GND               ; The pre-synthesis tap must be preserved by Analysis & Synthesis before it can be tapped.  Set the partition's netlist type to Source and recompile. ;
; ALU_Result_EX[20] ; pre-synthesis ; missing   ; Top            ; post-fit          ; GND               ; The pre-synthesis tap must be preserved by Analysis & Synthesis before it can be tapped.  Set the partition's netlist type to Source and recompile. ;
; ALU_Result_EX[21] ; pre-synthesis ; missing   ; Top            ; post-fit          ; GND               ; The pre-synthesis tap must be preserved by Analysis & Synthesis before it can be tapped.  Set the partition's netlist type to Source and recompile. ;
; ALU_Result_EX[21] ; pre-synthesis ; missing   ; Top            ; post-fit          ; GND               ; The pre-synthesis tap must be preserved by Analysis & Synthesis before it can be tapped.  Set the partition's netlist type to Source and recompile. ;
; ALU_Result_EX[22] ; pre-synthesis ; missing   ; Top            ; post-fit          ; GND               ; The pre-synthesis tap must be preserved by Analysis & Synthesis before it can be tapped.  Set the partition's netlist type to Source and recompile. ;
; ALU_Result_EX[22] ; pre-synthesis ; missing   ; Top            ; post-fit          ; GND               ; The pre-synthesis tap must be preserved by Analysis & Synthesis before it can be tapped.  Set the partition's netlist type to Source and recompile. ;
; ALU_Result_EX[23] ; pre-synthesis ; missing   ; Top            ; post-fit          ; GND               ; The pre-synthesis tap must be preserved by Analysis & Synthesis before it can be tapped.  Set the partition's netlist type to Source and recompile. ;
; ALU_Result_EX[23] ; pre-synthesis ; missing   ; Top            ; post-fit          ; GND               ; The pre-synthesis tap must be preserved by Analysis & Synthesis before it can be tapped.  Set the partition's netlist type to Source and recompile. ;
; ALU_Result_EX[24] ; pre-synthesis ; missing   ; Top            ; post-fit          ; GND               ; The pre-synthesis tap must be preserved by Analysis & Synthesis before it can be tapped.  Set the partition's netlist type to Source and recompile. ;
; ALU_Result_EX[24] ; pre-synthesis ; missing   ; Top            ; post-fit          ; GND               ; The pre-synthesis tap must be preserved by Analysis & Synthesis before it can be tapped.  Set the partition's netlist type to Source and recompile. ;
; ALU_Result_EX[25] ; pre-synthesis ; missing   ; Top            ; post-fit          ; GND               ; The pre-synthesis tap must be preserved by Analysis & Synthesis before it can be tapped.  Set the partition's netlist type to Source and recompile. ;
; ALU_Result_EX[25] ; pre-synthesis ; missing   ; Top            ; post-fit          ; GND               ; The pre-synthesis tap must be preserved by Analysis & Synthesis before it can be tapped.  Set the partition's netlist type to Source and recompile. ;
; ALU_Result_EX[26] ; pre-synthesis ; missing   ; Top            ; post-fit          ; GND               ; The pre-synthesis tap must be preserved by Analysis & Synthesis before it can be tapped.  Set the partition's netlist type to Source and recompile. ;
; ALU_Result_EX[26] ; pre-synthesis ; missing   ; Top            ; post-fit          ; GND               ; The pre-synthesis tap must be preserved by Analysis & Synthesis before it can be tapped.  Set the partition's netlist type to Source and recompile. ;
; ALU_Result_EX[27] ; pre-synthesis ; missing   ; Top            ; post-fit          ; GND               ; The pre-synthesis tap must be preserved by Analysis & Synthesis before it can be tapped.  Set the partition's netlist type to Source and recompile. ;
; ALU_Result_EX[27] ; pre-synthesis ; missing   ; Top            ; post-fit          ; GND               ; The pre-synthesis tap must be preserved by Analysis & Synthesis before it can be tapped.  Set the partition's netlist type to Source and recompile. ;
; ALU_Result_EX[28] ; pre-synthesis ; missing   ; Top            ; post-fit          ; GND               ; The pre-synthesis tap must be preserved by Analysis & Synthesis before it can be tapped.  Set the partition's netlist type to Source and recompile. ;
; ALU_Result_EX[28] ; pre-synthesis ; missing   ; Top            ; post-fit          ; GND               ; The pre-synthesis tap must be preserved by Analysis & Synthesis before it can be tapped.  Set the partition's netlist type to Source and recompile. ;
; ALU_Result_EX[29] ; pre-synthesis ; missing   ; Top            ; post-fit          ; GND               ; The pre-synthesis tap must be preserved by Analysis & Synthesis before it can be tapped.  Set the partition's netlist type to Source and recompile. ;
; ALU_Result_EX[29] ; pre-synthesis ; missing   ; Top            ; post-fit          ; GND               ; The pre-synthesis tap must be preserved by Analysis & Synthesis before it can be tapped.  Set the partition's netlist type to Source and recompile. ;
; ALU_Result_EX[2]  ; pre-synthesis ; missing   ; Top            ; post-fit          ; GND               ; The pre-synthesis tap must be preserved by Analysis & Synthesis before it can be tapped.  Set the partition's netlist type to Source and recompile. ;
; ALU_Result_EX[2]  ; pre-synthesis ; missing   ; Top            ; post-fit          ; GND               ; The pre-synthesis tap must be preserved by Analysis & Synthesis before it can be tapped.  Set the partition's netlist type to Source and recompile. ;
; ALU_Result_EX[30] ; pre-synthesis ; missing   ; Top            ; post-fit          ; GND               ; The pre-synthesis tap must be preserved by Analysis & Synthesis before it can be tapped.  Set the partition's netlist type to Source and recompile. ;
; ALU_Result_EX[30] ; pre-synthesis ; missing   ; Top            ; post-fit          ; GND               ; The pre-synthesis tap must be preserved by Analysis & Synthesis before it can be tapped.  Set the partition's netlist type to Source and recompile. ;
; ALU_Result_EX[31] ; pre-synthesis ; missing   ; Top            ; post-fit          ; GND               ; The pre-synthesis tap must be preserved by Analysis & Synthesis before it can be tapped.  Set the partition's netlist type to Source and recompile. ;
; ALU_Result_EX[31] ; pre-synthesis ; missing   ; Top            ; post-fit          ; GND               ; The pre-synthesis tap must be preserved by Analysis & Synthesis before it can be tapped.  Set the partition's netlist type to Source and recompile. ;
; ALU_Result_EX[3]  ; pre-synthesis ; missing   ; Top            ; post-fit          ; GND               ; The pre-synthesis tap must be preserved by Analysis & Synthesis before it can be tapped.  Set the partition's netlist type to Source and recompile. ;
; ALU_Result_EX[3]  ; pre-synthesis ; missing   ; Top            ; post-fit          ; GND               ; The pre-synthesis tap must be preserved by Analysis & Synthesis before it can be tapped.  Set the partition's netlist type to Source and recompile. ;
; ALU_Result_EX[4]  ; pre-synthesis ; missing   ; Top            ; post-fit          ; GND               ; The pre-synthesis tap must be preserved by Analysis & Synthesis before it can be tapped.  Set the partition's netlist type to Source and recompile. ;
; ALU_Result_EX[4]  ; pre-synthesis ; missing   ; Top            ; post-fit          ; GND               ; The pre-synthesis tap must be preserved by Analysis & Synthesis before it can be tapped.  Set the partition's netlist type to Source and recompile. ;
; ALU_Result_EX[5]  ; pre-synthesis ; missing   ; Top            ; post-fit          ; GND               ; The pre-synthesis tap must be preserved by Analysis & Synthesis before it can be tapped.  Set the partition's netlist type to Source and recompile. ;
; ALU_Result_EX[5]  ; pre-synthesis ; missing   ; Top            ; post-fit          ; GND               ; The pre-synthesis tap must be preserved by Analysis & Synthesis before it can be tapped.  Set the partition's netlist type to Source and recompile. ;
; ALU_Result_EX[6]  ; pre-synthesis ; missing   ; Top            ; post-fit          ; GND               ; The pre-synthesis tap must be preserved by Analysis & Synthesis before it can be tapped.  Set the partition's netlist type to Source and recompile. ;
; ALU_Result_EX[6]  ; pre-synthesis ; missing   ; Top            ; post-fit          ; GND               ; The pre-synthesis tap must be preserved by Analysis & Synthesis before it can be tapped.  Set the partition's netlist type to Source and recompile. ;
; ALU_Result_EX[7]  ; pre-synthesis ; missing   ; Top            ; post-fit          ; GND               ; The pre-synthesis tap must be preserved by Analysis & Synthesis before it can be tapped.  Set the partition's netlist type to Source and recompile. ;
; ALU_Result_EX[7]  ; pre-synthesis ; missing   ; Top            ; post-fit          ; GND               ; The pre-synthesis tap must be preserved by Analysis & Synthesis before it can be tapped.  Set the partition's netlist type to Source and recompile. ;
; ALU_Result_EX[8]  ; pre-synthesis ; missing   ; Top            ; post-fit          ; GND               ; The pre-synthesis tap must be preserved by Analysis & Synthesis before it can be tapped.  Set the partition's netlist type to Source and recompile. ;
; ALU_Result_EX[8]  ; pre-synthesis ; missing   ; Top            ; post-fit          ; GND               ; The pre-synthesis tap must be preserved by Analysis & Synthesis before it can be tapped.  Set the partition's netlist type to Source and recompile. ;
; ALU_Result_EX[9]  ; pre-synthesis ; missing   ; Top            ; post-fit          ; GND               ; The pre-synthesis tap must be preserved by Analysis & Synthesis before it can be tapped.  Set the partition's netlist type to Source and recompile. ;
; ALU_Result_EX[9]  ; pre-synthesis ; missing   ; Top            ; post-fit          ; GND               ; The pre-synthesis tap must be preserved by Analysis & Synthesis before it can be tapped.  Set the partition's netlist type to Source and recompile. ;
; KEY[0]            ; post-fitting  ; connected ; Top            ; post-fit          ; KEY[0]~input      ; N/A                                                                                                                                                 ;
; KEY[0]            ; pre-synthesis ; connected ; Top            ; post-fit          ; KEY[0]~input      ; N/A                                                                                                                                                 ;
+-------------------+---------------+-----------+----------------+-------------------+-------------------+-----------------------------------------------------------------------------------------------------------------------------------------------------+


+-----------------------------------------------------------------------------------------------------------------------------------------------------------------+
; Partition Merge Partition Statistics                                                                                                                            ;
+---------------------------------------------+------------------------+------------------------+--------------------------------+--------------------------------+
; Statistic                                   ; Top                    ; sld_hub:auto_hub       ; sld_signaltap:auto_signaltap_0 ; hard_block:auto_generated_inst ;
+---------------------------------------------+------------------------+------------------------+--------------------------------+--------------------------------+
; Estimated Total logic elements              ; 2351 / 114480 ( 2 % )  ; 113 / 114480 ( < 1 % ) ; 721 / 114480 ( < 1 % )         ; 0 / 114480 ( 0 % )             ;
;                                             ;                        ;                        ;                                ;                                ;
; Total combinational functions               ; 1684                   ; 103                    ; 308                            ; 0                              ;
; Logic element usage by number of LUT inputs ;                        ;                        ;                                ;                                ;
;     -- 4 input functions                    ; 1181                   ; 37                     ; 164                            ; 0                              ;
;     -- 3 input functions                    ; 377                    ; 45                     ; 70                             ; 0                              ;
;     -- <=2 input functions                  ; 126                    ; 21                     ; 74                             ; 0                              ;
;                                             ;                        ;                        ;                                ;                                ;
; Logic elements by mode                      ;                        ;                        ;                                ;                                ;
;     -- normal mode                          ; 1533                   ; 99                     ; 278                            ; 0                              ;
;     -- arithmetic mode                      ; 151                    ; 4                      ; 30                             ; 0                              ;
;                                             ;                        ;                        ;                                ;                                ;
; Total registers                             ; 876                    ; 73                     ; 604                            ; 0                              ;
;     -- Dedicated logic registers            ; 876 / 114480 ( < 1 % ) ; 73 / 114480 ( < 1 % )  ; 604 / 114480 ( < 1 % )         ; 0 / 114480 ( 0 % )             ;
;     -- I/O registers                        ; 0                      ; 0                      ; 0                              ; 0                              ;
;                                             ;                        ;                        ;                                ;                                ;
; Virtual pins                                ; 0                      ; 0                      ; 0                              ; 0                              ;
; I/O pins                                    ; 36                     ; 0                      ; 0                              ; 0                              ;
; Embedded Multiplier 9-bit elements          ; 0 / 532 ( 0 % )        ; 0 / 532 ( 0 % )        ; 0 / 532 ( 0 % )                ; 0 / 532 ( 0 % )                ;
; Total memory bits                           ; 16384                  ; 0                      ; 4224                           ; 0                              ;
; Total RAM block bits                        ; 18432                  ; 0                      ; 9216                           ; 0                              ;
; JTAG                                        ; 1 / 1 ( 100 % )        ; 0 / 1 ( 0 % )          ; 0 / 1 ( 0 % )                  ; 0 / 1 ( 0 % )                  ;
; M9K                                         ; 2 / 432 ( < 1 % )      ; 0 / 432 ( 0 % )        ; 1 / 432 ( < 1 % )              ; 0 / 432 ( 0 % )                ;
;                                             ;                        ;                        ;                                ;                                ;
; Connections                                 ;                        ;                        ;                                ;                                ;
;     -- Input Connections                    ; 1                      ; 111                    ; 860                            ; 0                              ;
;     -- Registered Input Connections         ; 0                      ; 82                     ; 686                            ; 0                              ;
;     -- Output Connections                   ; 841                    ; 130                    ; 1                              ; 0                              ;
;     -- Registered Output Connections        ; 0                      ; 129                    ; 0                              ; 0                              ;
;                                             ;                        ;                        ;                                ;                                ;
; Internal Connections                        ;                        ;                        ;                                ;                                ;
;     -- Total Connections                    ; 9584                   ; 690                    ; 3333                           ; 0                              ;
;     -- Registered Connections               ; 3359                   ; 513                    ; 2379                           ; 0                              ;
;                                             ;                        ;                        ;                                ;                                ;
; External Connections                        ;                        ;                        ;                                ;                                ;
;     -- Top                                  ; 0                      ; 103                    ; 739                            ; 0                              ;
;     -- sld_hub:auto_hub                     ; 103                    ; 16                     ; 122                            ; 0                              ;
;     -- sld_signaltap:auto_signaltap_0       ; 739                    ; 122                    ; 0                              ; 0                              ;
;     -- hard_block:auto_generated_inst       ; 0                      ; 0                      ; 0                              ; 0                              ;
;                                             ;                        ;                        ;                                ;                                ;
; Partition Interface                         ;                        ;                        ;                                ;                                ;
;     -- Input Ports                          ; 7                      ; 18                     ; 121                            ; 0                              ;
;     -- Output Ports                         ; 33                     ; 36                     ; 74                             ; 0                              ;
;     -- Bidir Ports                          ; 0                      ; 0                      ; 0                              ; 0                              ;
;                                             ;                        ;                        ;                                ;                                ;
; Registered Ports                            ;                        ;                        ;                                ;                                ;
;     -- Registered Input Ports               ; 0                      ; 4                      ; 70                             ; 0                              ;
;     -- Registered Output Ports              ; 0                      ; 26                     ; 1                              ; 0                              ;
;                                             ;                        ;                        ;                                ;                                ;
; Port Connectivity                           ;                        ;                        ;                                ;                                ;
;     -- Input Ports driven by GND            ; 0                      ; 1                      ; 64                             ; 0                              ;
;     -- Output Ports driven by GND           ; 0                      ; 0                      ; 0                              ; 0                              ;
;     -- Input Ports driven by VCC            ; 0                      ; 0                      ; 0                              ; 0                              ;
;     -- Output Ports driven by VCC           ; 0                      ; 0                      ; 0                              ; 0                              ;
;     -- Input Ports with no Source           ; 0                      ; 0                      ; 34                             ; 0                              ;
;     -- Output Ports with no Source          ; 0                      ; 0                      ; 0                              ; 0                              ;
;     -- Input Ports with no Fanout           ; 0                      ; 1                      ; 39                             ; 0                              ;
;     -- Output Ports with no Fanout          ; 0                      ; 14                     ; 65                             ; 0                              ;
+---------------------------------------------+------------------------+------------------------+--------------------------------+--------------------------------+
Note: Resource usage numbers presented for Partitions containing post-synthesis logic are estimates.  For Partitions containing post-fit logic, resource usage numbers are accurate based on previous placement information.  Actual Fitter results may vary depending on current Fitter Preservation Level assignments.


+-----------------------------------------------------------------------------------------------------------------------------------+
; Partition Merge Partition Pin Processing                                                                                          ;
+-----------------------------------+-----------+---------------+---------------------+---------------------------------------------+
; Name                              ; Partition ; Type          ; Location            ; Status                                      ;
+-----------------------------------+-----------+---------------+---------------------+---------------------------------------------+
; KEY[0]                            ; Top       ; Input Port    ; n/a                 ;                                             ;
;     -- KEY[0]                     ; Top       ; Input Pad     ; IOPAD_X115_Y40_N7   ; Preserved from Post-Fit or Imported Netlist ;
;     -- KEY[0]~input               ; Top       ; Input Buffer  ; IOIBUF_X115_Y40_N8  ; Preserved from Post-Fit or Imported Netlist ;
;                                   ;           ;               ;                     ;                                             ;
; KEY[1]                            ; Top       ; Input Port    ; n/a                 ;                                             ;
;     -- KEY[1]                     ; Top       ; Input Pad     ; IOPAD_X115_Y53_N14  ; Preserved from Post-Fit or Imported Netlist ;
;     -- KEY[1]~input               ; Top       ; Input Buffer  ; IOIBUF_X115_Y53_N15 ; Preserved from Post-Fit or Imported Netlist ;
;                                   ;           ;               ;                     ;                                             ;
; KEY[2]                            ; Top       ; Input Port    ; n/a                 ;                                             ;
;     -- KEY[2]                     ; Top       ; Input Pad     ; IOPAD_X115_Y42_N14  ; Preserved from Post-Fit or Imported Netlist ;
;     -- KEY[2]~input               ; Top       ; Input Buffer  ; IOIBUF_X115_Y42_N15 ; Preserved from Post-Fit or Imported Netlist ;
;                                   ;           ;               ;                     ;                                             ;
; KEY[3]                            ; Top       ; Input Port    ; n/a                 ;                                             ;
;     -- KEY[3]                     ; Top       ; Input Pad     ; IOPAD_X115_Y35_N21  ; Preserved from Post-Fit or Imported Netlist ;
;     -- KEY[3]~input               ; Top       ; Input Buffer  ; IOIBUF_X115_Y35_N22 ; Preserved from Post-Fit or Imported Netlist ;
;                                   ;           ;               ;                     ;                                             ;
; Write_Data_WB[0]                  ; Top       ; Output Port   ; n/a                 ;                                             ;
;     -- Write_Data_WB[0]           ; Top       ; Output Pad    ; IOPAD_X115_Y45_N21  ; Preserved from Post-Fit or Imported Netlist ;
;     -- Write_Data_WB[0]~output    ; Top       ; Output Buffer ; IOOBUF_X115_Y45_N23 ; Preserved from Post-Fit or Imported Netlist ;
;                                   ;           ;               ;                     ;                                             ;
; Write_Data_WB[10]                 ; Top       ; Output Port   ; n/a                 ;                                             ;
;     -- Write_Data_WB[10]          ; Top       ; Output Pad    ; IOPAD_X115_Y34_N14  ; Preserved from Post-Fit or Imported Netlist ;
;     -- Write_Data_WB[10]~output   ; Top       ; Output Buffer ; IOOBUF_X115_Y34_N16 ; Preserved from Post-Fit or Imported Netlist ;
;                                   ;           ;               ;                     ;                                             ;
; Write_Data_WB[11]                 ; Top       ; Output Port   ; n/a                 ;                                             ;
;     -- Write_Data_WB[11]          ; Top       ; Output Pad    ; IOPAD_X100_Y0_N0    ; Preserved from Post-Fit or Imported Netlist ;
;     -- Write_Data_WB[11]~output   ; Top       ; Output Buffer ; IOOBUF_X100_Y0_N2   ; Preserved from Post-Fit or Imported Netlist ;
;                                   ;           ;               ;                     ;                                             ;
; Write_Data_WB[12]                 ; Top       ; Output Port   ; n/a                 ;                                             ;
;     -- Write_Data_WB[12]          ; Top       ; Output Pad    ; IOPAD_X115_Y33_N7   ; Preserved from Post-Fit or Imported Netlist ;
;     -- Write_Data_WB[12]~output   ; Top       ; Output Buffer ; IOOBUF_X115_Y33_N9  ; Preserved from Post-Fit or Imported Netlist ;
;                                   ;           ;               ;                     ;                                             ;
; Write_Data_WB[13]                 ; Top       ; Output Port   ; n/a                 ;                                             ;
;     -- Write_Data_WB[13]          ; Top       ; Output Pad    ; IOPAD_X115_Y32_N7   ; Preserved from Post-Fit or Imported Netlist ;
;     -- Write_Data_WB[13]~output   ; Top       ; Output Buffer ; IOOBUF_X115_Y32_N9  ; Preserved from Post-Fit or Imported Netlist ;
;                                   ;           ;               ;                     ;                                             ;
; Write_Data_WB[14]                 ; Top       ; Output Port   ; n/a                 ;                                             ;
;     -- Write_Data_WB[14]          ; Top       ; Output Pad    ; IOPAD_X115_Y32_N0   ; Preserved from Post-Fit or Imported Netlist ;
;     -- Write_Data_WB[14]~output   ; Top       ; Output Buffer ; IOOBUF_X115_Y32_N2  ; Preserved from Post-Fit or Imported Netlist ;
;                                   ;           ;               ;                     ;                                             ;
; Write_Data_WB[15]                 ; Top       ; Output Port   ; n/a                 ;                                             ;
;     -- Write_Data_WB[15]          ; Top       ; Output Pad    ; IOPAD_X115_Y28_N7   ; Preserved from Post-Fit or Imported Netlist ;
;     -- Write_Data_WB[15]~output   ; Top       ; Output Buffer ; IOOBUF_X115_Y28_N9  ; Preserved from Post-Fit or Imported Netlist ;
;                                   ;           ;               ;                     ;                                             ;
; Write_Data_WB[16]                 ; Top       ; Output Port   ; n/a                 ;                                             ;
;     -- Write_Data_WB[16]          ; Top       ; Output Pad    ; IOPAD_X115_Y41_N0   ; Preserved from Post-Fit or Imported Netlist ;
;     -- Write_Data_WB[16]~output   ; Top       ; Output Buffer ; IOOBUF_X115_Y41_N2  ; Preserved from Post-Fit or Imported Netlist ;
;                                   ;           ;               ;                     ;                                             ;
; Write_Data_WB[17]                 ; Top       ; Output Port   ; n/a                 ;                                             ;
;     -- Write_Data_WB[17]          ; Top       ; Output Pad    ; IOPAD_X102_Y0_N14   ; Preserved from Post-Fit or Imported Netlist ;
;     -- Write_Data_WB[17]~output   ; Top       ; Output Buffer ; IOOBUF_X102_Y0_N16  ; Preserved from Post-Fit or Imported Netlist ;
;                                   ;           ;               ;                     ;                                             ;
; Write_Data_WB[18]                 ; Top       ; Output Port   ; n/a                 ;                                             ;
;     -- Write_Data_WB[18]          ; Top       ; Output Pad    ; IOPAD_X115_Y28_N0   ; Preserved from Post-Fit or Imported Netlist ;
;     -- Write_Data_WB[18]~output   ; Top       ; Output Buffer ; IOOBUF_X115_Y28_N2  ; Preserved from Post-Fit or Imported Netlist ;
;                                   ;           ;               ;                     ;                                             ;
; Write_Data_WB[19]                 ; Top       ; Output Port   ; n/a                 ;                                             ;
;     -- Write_Data_WB[19]          ; Top       ; Output Pad    ; IOPAD_X105_Y0_N21   ; Preserved from Post-Fit or Imported Netlist ;
;     -- Write_Data_WB[19]~output   ; Top       ; Output Buffer ; IOOBUF_X105_Y0_N23  ; Preserved from Post-Fit or Imported Netlist ;
;                                   ;           ;               ;                     ;                                             ;
; Write_Data_WB[1]                  ; Top       ; Output Port   ; n/a                 ;                                             ;
;     -- Write_Data_WB[1]           ; Top       ; Output Pad    ; IOPAD_X115_Y31_N7   ; Preserved from Post-Fit or Imported Netlist ;
;     -- Write_Data_WB[1]~output    ; Top       ; Output Buffer ; IOOBUF_X115_Y31_N9  ; Preserved from Post-Fit or Imported Netlist ;
;                                   ;           ;               ;                     ;                                             ;
; Write_Data_WB[20]                 ; Top       ; Output Port   ; n/a                 ;                                             ;
;     -- Write_Data_WB[20]          ; Top       ; Output Pad    ; IOPAD_X115_Y34_N21  ; Preserved from Post-Fit or Imported Netlist ;
;     -- Write_Data_WB[20]~output   ; Top       ; Output Buffer ; IOOBUF_X115_Y34_N23 ; Preserved from Post-Fit or Imported Netlist ;
;                                   ;           ;               ;                     ;                                             ;
; Write_Data_WB[21]                 ; Top       ; Output Port   ; n/a                 ;                                             ;
;     -- Write_Data_WB[21]          ; Top       ; Output Pad    ; IOPAD_X102_Y73_N0   ; Preserved from Post-Fit or Imported Netlist ;
;     -- Write_Data_WB[21]~output   ; Top       ; Output Buffer ; IOOBUF_X102_Y73_N2  ; Preserved from Post-Fit or Imported Netlist ;
;                                   ;           ;               ;                     ;                                             ;
; Write_Data_WB[22]                 ; Top       ; Output Port   ; n/a                 ;                                             ;
;     -- Write_Data_WB[22]          ; Top       ; Output Pad    ; IOPAD_X115_Y31_N0   ; Preserved from Post-Fit or Imported Netlist ;
;     -- Write_Data_WB[22]~output   ; Top       ; Output Buffer ; IOOBUF_X115_Y31_N2  ; Preserved from Post-Fit or Imported Netlist ;
;                                   ;           ;               ;                     ;                                             ;
; Write_Data_WB[23]                 ; Top       ; Output Port   ; n/a                 ;                                             ;
;     -- Write_Data_WB[23]          ; Top       ; Output Pad    ; IOPAD_X105_Y0_N14   ; Preserved from Post-Fit or Imported Netlist ;
;     -- Write_Data_WB[23]~output   ; Top       ; Output Buffer ; IOOBUF_X105_Y0_N16  ; Preserved from Post-Fit or Imported Netlist ;
;                                   ;           ;               ;                     ;                                             ;
; Write_Data_WB[24]                 ; Top       ; Output Port   ; n/a                 ;                                             ;
;     -- Write_Data_WB[24]          ; Top       ; Output Pad    ; IOPAD_X115_Y33_N0   ; Preserved from Post-Fit or Imported Netlist ;
;     -- Write_Data_WB[24]~output   ; Top       ; Output Buffer ; IOOBUF_X115_Y33_N2  ; Preserved from Post-Fit or Imported Netlist ;
;                                   ;           ;               ;                     ;                                             ;
; Write_Data_WB[25]                 ; Top       ; Output Port   ; n/a                 ;                                             ;
;     -- Write_Data_WB[25]          ; Top       ; Output Pad    ; IOPAD_X115_Y30_N7   ; Preserved from Post-Fit or Imported Netlist ;
;     -- Write_Data_WB[25]~output   ; Top       ; Output Buffer ; IOOBUF_X115_Y30_N9  ; Preserved from Post-Fit or Imported Netlist ;
;                                   ;           ;               ;                     ;                                             ;
; Write_Data_WB[26]                 ; Top       ; Output Port   ; n/a                 ;                                             ;
;     -- Write_Data_WB[26]          ; Top       ; Output Pad    ; IOPAD_X115_Y29_N0   ; Preserved from Post-Fit or Imported Netlist ;
;     -- Write_Data_WB[26]~output   ; Top       ; Output Buffer ; IOOBUF_X115_Y29_N2  ; Preserved from Post-Fit or Imported Netlist ;
;                                   ;           ;               ;                     ;                                             ;
; Write_Data_WB[27]                 ; Top       ; Output Port   ; n/a                 ;                                             ;
;     -- Write_Data_WB[27]          ; Top       ; Output Pad    ; IOPAD_X115_Y29_N7   ; Preserved from Post-Fit or Imported Netlist ;
;     -- Write_Data_WB[27]~output   ; Top       ; Output Buffer ; IOOBUF_X115_Y29_N9  ; Preserved from Post-Fit or Imported Netlist ;
;                                   ;           ;               ;                     ;                                             ;
; Write_Data_WB[28]                 ; Top       ; Output Port   ; n/a                 ;                                             ;
;     -- Write_Data_WB[28]          ; Top       ; Output Pad    ; IOPAD_X105_Y73_N7   ; Preserved from Post-Fit or Imported Netlist ;
;     -- Write_Data_WB[28]~output   ; Top       ; Output Buffer ; IOOBUF_X105_Y73_N9  ; Preserved from Post-Fit or Imported Netlist ;
;                                   ;           ;               ;                     ;                                             ;
; Write_Data_WB[29]                 ; Top       ; Output Port   ; n/a                 ;                                             ;
;     -- Write_Data_WB[29]          ; Top       ; Output Pad    ; IOPAD_X115_Y30_N0   ; Preserved from Post-Fit or Imported Netlist ;
;     -- Write_Data_WB[29]~output   ; Top       ; Output Buffer ; IOOBUF_X115_Y30_N2  ; Preserved from Post-Fit or Imported Netlist ;
;                                   ;           ;               ;                     ;                                             ;
; Write_Data_WB[2]                  ; Top       ; Output Port   ; n/a                 ;                                             ;
;     -- Write_Data_WB[2]           ; Top       ; Output Pad    ; IOPAD_X115_Y44_N7   ; Preserved from Post-Fit or Imported Netlist ;
;     -- Write_Data_WB[2]~output    ; Top       ; Output Buffer ; IOOBUF_X115_Y44_N9  ; Preserved from Post-Fit or Imported Netlist ;
;                                   ;           ;               ;                     ;                                             ;
; Write_Data_WB[30]                 ; Top       ; Output Port   ; n/a                 ;                                             ;
;     -- Write_Data_WB[30]          ; Top       ; Output Pad    ; IOPAD_X115_Y44_N0   ; Preserved from Post-Fit or Imported Netlist ;
;     -- Write_Data_WB[30]~output   ; Top       ; Output Buffer ; IOOBUF_X115_Y44_N2  ; Preserved from Post-Fit or Imported Netlist ;
;                                   ;           ;               ;                     ;                                             ;
; Write_Data_WB[31]                 ; Top       ; Output Port   ; n/a                 ;                                             ;
;     -- Write_Data_WB[31]          ; Top       ; Output Pad    ; IOPAD_X100_Y0_N21   ; Preserved from Post-Fit or Imported Netlist ;
;     -- Write_Data_WB[31]~output   ; Top       ; Output Buffer ; IOOBUF_X100_Y0_N23  ; Preserved from Post-Fit or Imported Netlist ;
;                                   ;           ;               ;                     ;                                             ;
; Write_Data_WB[3]                  ; Top       ; Output Port   ; n/a                 ;                                             ;
;     -- Write_Data_WB[3]           ; Top       ; Output Pad    ; IOPAD_X115_Y35_N14  ; Preserved from Post-Fit or Imported Netlist ;
;     -- Write_Data_WB[3]~output    ; Top       ; Output Buffer ; IOOBUF_X115_Y35_N16 ; Preserved from Post-Fit or Imported Netlist ;
;                                   ;           ;               ;                     ;                                             ;
; Write_Data_WB[4]                  ; Top       ; Output Port   ; n/a                 ;                                             ;
;     -- Write_Data_WB[4]           ; Top       ; Output Pad    ; IOPAD_X115_Y45_N14  ; Preserved from Post-Fit or Imported Netlist ;
;     -- Write_Data_WB[4]~output    ; Top       ; Output Buffer ; IOOBUF_X115_Y45_N16 ; Preserved from Post-Fit or Imported Netlist ;
;                                   ;           ;               ;                     ;                                             ;
; Write_Data_WB[5]                  ; Top       ; Output Port   ; n/a                 ;                                             ;
;     -- Write_Data_WB[5]           ; Top       ; Output Pad    ; IOPAD_X115_Y41_N7   ; Preserved from Post-Fit or Imported Netlist ;
;     -- Write_Data_WB[5]~output    ; Top       ; Output Buffer ; IOOBUF_X115_Y41_N9  ; Preserved from Post-Fit or Imported Netlist ;
;                                   ;           ;               ;                     ;                                             ;
; Write_Data_WB[6]                  ; Top       ; Output Port   ; n/a                 ;                                             ;
;     -- Write_Data_WB[6]           ; Top       ; Output Pad    ; IOPAD_X115_Y36_N7   ; Preserved from Post-Fit or Imported Netlist ;
;     -- Write_Data_WB[6]~output    ; Top       ; Output Buffer ; IOOBUF_X115_Y36_N9  ; Preserved from Post-Fit or Imported Netlist ;
;                                   ;           ;               ;                     ;                                             ;
; Write_Data_WB[7]                  ; Top       ; Output Port   ; n/a                 ;                                             ;
;     -- Write_Data_WB[7]           ; Top       ; Output Pad    ; IOPAD_X115_Y36_N0   ; Preserved from Post-Fit or Imported Netlist ;
;     -- Write_Data_WB[7]~output    ; Top       ; Output Buffer ; IOOBUF_X115_Y36_N2  ; Preserved from Post-Fit or Imported Netlist ;
;                                   ;           ;               ;                     ;                                             ;
; Write_Data_WB[8]                  ; Top       ; Output Port   ; n/a                 ;                                             ;
;     -- Write_Data_WB[8]           ; Top       ; Output Pad    ; IOPAD_X115_Y40_N0   ; Preserved from Post-Fit or Imported Netlist ;
;     -- Write_Data_WB[8]~output    ; Top       ; Output Buffer ; IOOBUF_X115_Y40_N2  ; Preserved from Post-Fit or Imported Netlist ;
;                                   ;           ;               ;                     ;                                             ;
; Write_Data_WB[9]                  ; Top       ; Output Port   ; n/a                 ;                                             ;
;     -- Write_Data_WB[9]           ; Top       ; Output Pad    ; IOPAD_X115_Y36_N14  ; Preserved from Post-Fit or Imported Netlist ;
;     -- Write_Data_WB[9]~output    ; Top       ; Output Buffer ; IOOBUF_X115_Y36_N16 ; Preserved from Post-Fit or Imported Netlist ;
;                                   ;           ;               ;                     ;                                             ;
; altera_reserved_tck               ; Top       ; Input Port    ; n/a                 ;                                             ;
;     -- altera_reserved_tck        ; Top       ; Input Pad     ; Unplaced            ; Synthesized                                 ;
;     -- altera_reserved_tck~input  ; Top       ; Input Buffer  ; Unplaced            ; Synthesized                                 ;
;                                   ;           ;               ;                     ;                                             ;
; altera_reserved_tdi               ; Top       ; Input Port    ; n/a                 ;                                             ;
;     -- altera_reserved_tdi        ; Top       ; Input Pad     ; Unplaced            ; Synthesized                                 ;
;     -- altera_reserved_tdi~input  ; Top       ; Input Buffer  ; Unplaced            ; Synthesized                                 ;
;                                   ;           ;               ;                     ;                                             ;
; altera_reserved_tdo               ; Top       ; Output Port   ; n/a                 ;                                             ;
;     -- altera_reserved_tdo        ; Top       ; Output Pad    ; Unplaced            ; Synthesized                                 ;
;     -- altera_reserved_tdo~output ; Top       ; Output Buffer ; Unplaced            ; Synthesized                                 ;
;                                   ;           ;               ;                     ;                                             ;
; altera_reserved_tms               ; Top       ; Input Port    ; n/a                 ;                                             ;
;     -- altera_reserved_tms        ; Top       ; Input Pad     ; Unplaced            ; Synthesized                                 ;
;     -- altera_reserved_tms~input  ; Top       ; Input Buffer  ; Unplaced            ; Synthesized                                 ;
;                                   ;           ;               ;                     ;                                             ;
+-----------------------------------+-----------+---------------+---------------------+---------------------------------------------+


+-----------------------------------------------------------------------+
; Partition Merge Resource Usage Summary                                ;
+---------------------------------------------+-------------------------+
; Resource                                    ; Usage                   ;
+---------------------------------------------+-------------------------+
; Estimated Total logic elements              ; 3,184 / 114,480 ( 2 % ) ;
;                                             ;                         ;
; Total combinational functions               ; 2095                    ;
; Logic element usage by number of LUT inputs ;                         ;
;     -- 4 input functions                    ; 1382                    ;
;     -- 3 input functions                    ; 492                     ;
;     -- <=2 input functions                  ; 221                     ;
;                                             ;                         ;
; Logic elements by mode                      ;                         ;
;     -- normal mode                          ; 1910                    ;
;     -- arithmetic mode                      ; 185                     ;
;                                             ;                         ;
; Total registers                             ; 1553                    ;
;     -- Dedicated logic registers            ; 1553                    ;
;     -- I/O registers                        ; 0                       ;
;                                             ;                         ;
; I/O pins                                    ; 36                      ;
; Total memory bits                           ; 20608                   ;
; Maximum fan-out node                        ; KEY[0]~input            ;
; Maximum fan-out                             ; 1273                    ;
; Total fan-out                               ; 12632                   ;
; Average fan-out                             ; 3.19                    ;
+---------------------------------------------+-------------------------+


+----------------------------------------------------------------------------------------------------------------------------------------------------------------------------------------------------------------------------------------------------------------------------------------------------------------+
; Partition Merge RAM Summary                                                                                                                                                                                                                                                                                    ;
+----------------------------------------------------------------------------------------------------------------------------------------------------------------+------+------------------+--------------+--------------+--------------+--------------+-------+-------------------------------------------------+
; Name                                                                                                                                                           ; Type ; Mode             ; Port A Depth ; Port A Width ; Port B Depth ; Port B Width ; Size  ; MIF                                             ;
+----------------------------------------------------------------------------------------------------------------------------------------------------------------+------+------------------+--------------+--------------+--------------+--------------+-------+-------------------------------------------------+
; MEM_Data_Memory:MEM_Data_Memory|altsyncram:Data_Memory_rtl_0|altsyncram_2vg1:auto_generated|ALTSYNCRAM                                                         ; AUTO ; Simple Dual Port ; 512          ; 32           ; 512          ; 32           ; 16384 ; db/MIPS32.ram0_MEM_Data_Memory_3250c012.hdl.mif ;
; sld_signaltap:auto_signaltap_0|sld_signaltap_impl:sld_signaltap_body|altsyncram:\stp_non_zero_ram_gen:stp_buffer_ram|altsyncram_3u14:auto_generated|ALTSYNCRAM ; AUTO ; Simple Dual Port ; 128          ; 33           ; 128          ; 33           ; 4224  ; None                                            ;
+----------------------------------------------------------------------------------------------------------------------------------------------------------------+------+------------------+--------------+--------------+--------------+--------------+-------+-------------------------------------------------+


+--------------------------+
; Partition Merge Messages ;
+--------------------------+
Info: *******************************************************************
Info: Running Quartus II 64-Bit Partition Merge
    Info: Version 12.0 Build 178 05/31/2012 SJ Full Version
    Info: Processing started: Tue Sep 09 14:50:38 2014
Info: Command: quartus_cdb --read_settings_files=off --write_settings_files=off MIPS32 -c MIPS32 --merge=on
Info (35006): Using previously generated Fitter netlist for partition "Top"
Info (35007): Using synthesis netlist for partition "sld_hub:auto_hub"
Info (35007): Using synthesis netlist for partition "sld_signaltap:auto_signaltap_0"
Critical Warning (35025): Partially connected in-system debug instance "auto_signaltap_0" to 2 of its 66 required data inputs, trigger inputs, acquisition clocks, and dynamic pins.  There were 0 illegal, 0 inaccessible, and 64 missing sources or connections.
Info (35002): Resolved and merged 3 partition(s)
Info (16010): Generating hard_block partition "hard_block:auto_generated_inst"
    Info (16011): Adding 0 node(s), including 0 DDIO, 0 PLL, 0 transceiver and 0 LCELL
Warning (21074): Design contains 3 input pin(s) that do not drive logic
    Warning (15610): No output dependent on input pin "KEY[1]"
    Warning (15610): No output dependent on input pin "KEY[2]"
    Warning (15610): No output dependent on input pin "KEY[3]"
Info (21057): Implemented 3335 device resources after synthesis - the final resource count might be different
    Info (21058): Implemented 7 input pins
    Info (21059): Implemented 33 output pins
    Info (21061): Implemented 3258 logic cells
    Info (21064): Implemented 35 RAM segments
Info: Quartus II 64-Bit Partition Merge was successful. 0 errors, 5 warnings
    Info: Peak virtual memory: 419 megabytes
    Info: Processing ended: Tue Sep 09 14:50:39 2014
    Info: Elapsed time: 00:00:01
    Info: Total CPU time (on all processors): 00:00:01


